=== product-manager-level-1-01-what-is-product-management-short-4 Sun Aug 30 05:07:27 IST 2026 ===
[1/3] Synthesizing narration (en-US-JennyNeural) for 5 beats...
      -> total narration: 55.6s across 5 beats
[2/3] Rendering vertical (Shorts) animation clips...
[3/3] Muxing audio + video and assembling final MP4...

Done. Video:    /Users/bhanuja/Desktop/vremployee/video-studio/output/renders/product-manager-level-1-01-what-is-product-management-short-4.mp4
      Metadata: /Users/bhanuja/Desktop/vremployee/video-studio/output/renders/product-manager-level-1-01-what-is-product-management-short-4.metadata.txt  (title/description/tags/source links -- for you to review before uploading)
      Runtime:  ~56s
OK product-manager-level-1-01-what-is-product-management-short-4
=== product-manager-level-1-02-understanding-customers-users-short-4 Sun Aug 30 05:08:43 IST 2026 ===
[1/3] Synthesizing narration (en-US-JennyNeural) for 6 beats...
      -> total narration: 59.9s across 6 beats
[2/3] Rendering vertical (Shorts) animation clips...
[3/3] Muxing audio + video and assembling final MP4...

Done. Video:    /Users/bhanuja/Desktop/vremployee/video-studio/output/renders/product-manager-level-1-02-understanding-customers-users-short-4.mp4
      Metadata: /Users/bhanuja/Desktop/vremployee/video-studio/output/renders/product-manager-level-1-02-understanding-customers-users-short-4.metadata.txt  (title/description/tags/source links -- for you to review before uploading)
      Runtime:  ~60s
OK product-manager-level-1-02-understanding-customers-users-short-4
=== product-manager-level-1-03-problem-discovery-short-4 Sun Aug 30 05:10:05 IST 2026 ===
[1/3] Synthesizing narration (en-US-JennyNeural) for 6 beats...
      -> total narration: 62.0s across 6 beats
[2/3] Rendering vertical (Shorts) animation clips...
[3/3] Muxing audio + video and assembling final MP4...

Done. Video:    /Users/bhanuja/Desktop/vremployee/video-studio/output/renders/product-manager-level-1-03-problem-discovery-short-4.mp4
      Metadata: /Users/bhanuja/Desktop/vremployee/video-studio/output/renders/product-manager-level-1-03-problem-discovery-short-4.metadata.txt  (title/description/tags/source links -- for you to review before uploading)
      Runtime:  ~62s
OK product-manager-level-1-03-problem-discovery-short-4
=== product-manager-level-1-04-prioritization-basics-short-4 Sun Aug 30 05:11:30 IST 2026 ===
[1/3] Synthesizing narration (en-US-JennyNeural) for 6 beats...
      -> total narration: 59.4s across 6 beats
[2/3] Rendering vertical (Shorts) animation clips...
[3/3] Muxing audio + video and assembling final MP4...

Done. Video:    /Users/bhanuja/Desktop/vremployee/video-studio/output/renders/product-manager-level-1-04-prioritization-basics-short-4.mp4
      Metadata: /Users/bhanuja/Desktop/vremployee/video-studio/output/renders/product-manager-level-1-04-prioritization-basics-short-4.metadata.txt  (title/description/tags/source links -- for you to review before uploading)
      Runtime:  ~59s
OK product-manager-level-1-04-prioritization-basics-short-4
=== product-manager-level-1-05-writing-requirements-short-4 Sun Aug 30 05:12:51 IST 2026 ===
[1/3] Synthesizing narration (en-US-JennyNeural) for 6 beats...
      -> total narration: 50.9s across 6 beats
[2/3] Rendering vertical (Shorts) animation clips...
[3/3] Muxing audio + video and assembling final MP4...

Done. Video:    /Users/bhanuja/Desktop/vremployee/video-studio/output/renders/product-manager-level-1-05-writing-requirements-short-4.mp4
      Metadata: /Users/bhanuja/Desktop/vremployee/video-studio/output/renders/product-manager-level-1-05-writing-requirements-short-4.metadata.txt  (title/description/tags/source links -- for you to review before uploading)
      Runtime:  ~51s
OK product-manager-level-1-05-writing-requirements-short-4
=== product-manager-pm-mistakes-theme-longform Sun Aug 30 05:14:00 IST 2026 ===
[1/3] Synthesizing narration (en-US-JennyNeural) for 41 beats...
      -> total narration: 618.1s across 41 beats
[2/3] Rendering horizontal (long-form) animation clips...
[3/3] Muxing audio + video and assembling final MP4...

Done. Video:    /Users/bhanuja/Desktop/vremployee/video-studio/output/renders/product-manager-pm-mistakes-theme-longform.mp4
      Metadata: /Users/bhanuja/Desktop/vremployee/video-studio/output/renders/product-manager-pm-mistakes-theme-longform.metadata.txt  (title/description/tags/source links -- for you to review before uploading)
      Runtime:  ~618s
OK product-manager-pm-mistakes-theme-longform
ALL DONE Sun Aug 30 05:28:00 IST 2026
