=== RENDER product-manager-level-1-06-working-with-design-engineering-short-3 Sat Aug 29 11:24:23 IST 2026 ===
[1/3] Synthesizing narration (en-US-JennyNeural) for 5 beats...
      -> total narration: 45.8s across 5 beats
[2/3] Rendering vertical (Shorts) animation clips...
[3/3] Muxing audio + video and assembling final MP4...

Done. Video:    /Users/bhanuja/Desktop/vremployee/video-studio/output/renders/product-manager-level-1-06-working-with-design-engineering-short-3.mp4
      Metadata: /Users/bhanuja/Desktop/vremployee/video-studio/output/renders/product-manager-level-1-06-working-with-design-engineering-short-3.metadata.txt  (title/description/tags/source links -- for you to review before uploading)
      Runtime:  ~46s
OK product-manager-level-1-06-working-with-design-engineering-short-3
=== RENDER product-manager-level-1-07-metrics-kpis-basics-short-3 Sat Aug 29 11:25:30 IST 2026 ===
[1/3] Synthesizing narration (en-US-JennyNeural) for 5 beats...
      -> total narration: 62.2s across 5 beats
[2/3] Rendering vertical (Shorts) animation clips...
[3/3] Muxing audio + video and assembling final MP4...

Done. Video:    /Users/bhanuja/Desktop/vremployee/video-studio/output/renders/product-manager-level-1-07-metrics-kpis-basics-short-3.mp4
      Metadata: /Users/bhanuja/Desktop/vremployee/video-studio/output/renders/product-manager-level-1-07-metrics-kpis-basics-short-3.metadata.txt  (title/description/tags/source links -- for you to review before uploading)
      Runtime:  ~62s
OK product-manager-level-1-07-metrics-kpis-basics-short-3
=== RENDER product-manager-level-1-08-roadmapping-basics-short-3 Sat Aug 29 11:26:59 IST 2026 ===
[1/3] Synthesizing narration (en-US-JennyNeural) for 6 beats...
      -> total narration: 60.0s across 6 beats
[2/3] Rendering vertical (Shorts) animation clips...
[3/3] Muxing audio + video and assembling final MP4...

Done. Video:    /Users/bhanuja/Desktop/vremployee/video-studio/output/renders/product-manager-level-1-08-roadmapping-basics-short-3.mp4
      Metadata: /Users/bhanuja/Desktop/vremployee/video-studio/output/renders/product-manager-level-1-08-roadmapping-basics-short-3.metadata.txt  (title/description/tags/source links -- for you to review before uploading)
      Runtime:  ~60s
OK product-manager-level-1-08-roadmapping-basics-short-3
=== RENDER product-manager-level-1-09-stakeholder-communication-basics-short-3 Sat Aug 29 11:28:26 IST 2026 ===
[1/3] Synthesizing narration (en-US-JennyNeural) for 6 beats...
      -> total narration: 62.0s across 6 beats
[2/3] Rendering vertical (Shorts) animation clips...
[3/3] Muxing audio + video and assembling final MP4...

Done. Video:    /Users/bhanuja/Desktop/vremployee/video-studio/output/renders/product-manager-level-1-09-stakeholder-communication-basics-short-3.mp4
      Metadata: /Users/bhanuja/Desktop/vremployee/video-studio/output/renders/product-manager-level-1-09-stakeholder-communication-basics-short-3.metadata.txt  (title/description/tags/source links -- for you to review before uploading)
      Runtime:  ~62s
OK product-manager-level-1-09-stakeholder-communication-basics-short-3
=== RENDER product-manager-level-1-10-project-complete-prd-short-3 Sat Aug 29 11:29:55 IST 2026 ===
[1/3] Synthesizing narration (en-US-JennyNeural) for 6 beats...
      -> total narration: 55.6s across 6 beats
[2/3] Rendering vertical (Shorts) animation clips...
[3/3] Muxing audio + video and assembling final MP4...

Done. Video:    /Users/bhanuja/Desktop/vremployee/video-studio/output/renders/product-manager-level-1-10-project-complete-prd-short-3.mp4
      Metadata: /Users/bhanuja/Desktop/vremployee/video-studio/output/renders/product-manager-level-1-10-project-complete-prd-short-3.metadata.txt  (title/description/tags/source links -- for you to review before uploading)
      Runtime:  ~56s
OK product-manager-level-1-10-project-complete-prd-short-3
=== RENDER product-manager-framework-toolkit-theme-longform Sat Aug 29 11:31:18 IST 2026 ===
[1/3] Synthesizing narration (en-US-JennyNeural) for 43 beats...
      -> total narration: 657.7s across 43 beats
[2/3] Rendering horizontal (long-form) animation clips...
[3/3] Muxing audio + video and assembling final MP4...

Done. Video:    /Users/bhanuja/Desktop/vremployee/video-studio/output/renders/product-manager-framework-toolkit-theme-longform.mp4
      Metadata: /Users/bhanuja/Desktop/vremployee/video-studio/output/renders/product-manager-framework-toolkit-theme-longform.metadata.txt  (title/description/tags/source links -- for you to review before uploading)
      Runtime:  ~658s
OK product-manager-framework-toolkit-theme-longform
ALL DONE Sat Aug 29 11:46:51 IST 2026
