=== RENDER START product-manager-level-1-01-what-is-product-management-short-3 Fri Aug 28 10:01:30 IST 2026 ===
[1/3] Synthesizing narration (en-US-JennyNeural) for 5 beats...
      -> total narration: 60.8s across 5 beats
[2/3] Rendering vertical (Shorts) animation clips...
[3/3] Muxing audio + video and assembling final MP4...

Done. Video:    /Users/bhanuja/Desktop/vremployee/video-studio/output/renders/product-manager-level-1-01-what-is-product-management-short-3.mp4
      Metadata: /Users/bhanuja/Desktop/vremployee/video-studio/output/renders/product-manager-level-1-01-what-is-product-management-short-3.metadata.txt  (title/description/tags/source links -- for you to review before uploading)
      Runtime:  ~61s
=== RENDER OK product-manager-level-1-01-what-is-product-management-short-3 ===
=== RENDER START product-manager-level-1-02-understanding-customers-users-short-3 Fri Aug 28 10:02:59 IST 2026 ===
[1/3] Synthesizing narration (en-US-JennyNeural) for 5 beats...
      -> total narration: 53.4s across 5 beats
[2/3] Rendering vertical (Shorts) animation clips...
[3/3] Muxing audio + video and assembling final MP4...

Done. Video:    /Users/bhanuja/Desktop/vremployee/video-studio/output/renders/product-manager-level-1-02-understanding-customers-users-short-3.mp4
      Metadata: /Users/bhanuja/Desktop/vremployee/video-studio/output/renders/product-manager-level-1-02-understanding-customers-users-short-3.metadata.txt  (title/description/tags/source links -- for you to review before uploading)
      Runtime:  ~53s
=== RENDER OK product-manager-level-1-02-understanding-customers-users-short-3 ===
=== RENDER START product-manager-level-1-03-problem-discovery-short-3 Fri Aug 28 10:04:16 IST 2026 ===
[1/3] Synthesizing narration (en-US-JennyNeural) for 6 beats...
      -> total narration: 58.6s across 6 beats
[2/3] Rendering vertical (Shorts) animation clips...
[3/3] Muxing audio + video and assembling final MP4...

Done. Video:    /Users/bhanuja/Desktop/vremployee/video-studio/output/renders/product-manager-level-1-03-problem-discovery-short-3.mp4
      Metadata: /Users/bhanuja/Desktop/vremployee/video-studio/output/renders/product-manager-level-1-03-problem-discovery-short-3.metadata.txt  (title/description/tags/source links -- for you to review before uploading)
      Runtime:  ~59s
=== RENDER OK product-manager-level-1-03-problem-discovery-short-3 ===
=== RENDER START product-manager-level-1-04-prioritization-basics-short-3 Fri Aug 28 10:05:40 IST 2026 ===
[1/3] Synthesizing narration (en-US-JennyNeural) for 6 beats...
      -> total narration: 62.1s across 6 beats
[2/3] Rendering vertical (Shorts) animation clips...
[3/3] Muxing audio + video and assembling final MP4...

Done. Video:    /Users/bhanuja/Desktop/vremployee/video-studio/output/renders/product-manager-level-1-04-prioritization-basics-short-3.mp4
      Metadata: /Users/bhanuja/Desktop/vremployee/video-studio/output/renders/product-manager-level-1-04-prioritization-basics-short-3.metadata.txt  (title/description/tags/source links -- for you to review before uploading)
      Runtime:  ~62s
=== RENDER OK product-manager-level-1-04-prioritization-basics-short-3 ===
=== RENDER START product-manager-level-1-05-writing-requirements-short-3 Fri Aug 28 10:07:11 IST 2026 ===
[1/3] Synthesizing narration (en-US-JennyNeural) for 5 beats...
      -> total narration: 51.9s across 5 beats
[2/3] Rendering vertical (Shorts) animation clips...
[3/3] Muxing audio + video and assembling final MP4...

Done. Video:    /Users/bhanuja/Desktop/vremployee/video-studio/output/renders/product-manager-level-1-05-writing-requirements-short-3.mp4
      Metadata: /Users/bhanuja/Desktop/vremployee/video-studio/output/renders/product-manager-level-1-05-writing-requirements-short-3.metadata.txt  (title/description/tags/source links -- for you to review before uploading)
      Runtime:  ~52s
=== RENDER OK product-manager-level-1-05-writing-requirements-short-3 ===
=== RENDER START product-manager-user-to-spec-theme-longform Fri Aug 28 10:08:23 IST 2026 ===
[1/3] Synthesizing narration (en-US-JennyNeural) for 32 beats...
      -> total narration: 634.1s across 32 beats
[2/3] Rendering horizontal (long-form) animation clips...
[3/3] Muxing audio + video and assembling final MP4...

Done. Video:    /Users/bhanuja/Desktop/vremployee/video-studio/output/renders/product-manager-user-to-spec-theme-longform.mp4
      Metadata: /Users/bhanuja/Desktop/vremployee/video-studio/output/renders/product-manager-user-to-spec-theme-longform.metadata.txt  (title/description/tags/source links -- for you to review before uploading)
      Runtime:  ~634s
=== RENDER OK product-manager-user-to-spec-theme-longform ===
=== ALL RENDERS DONE ===
