=== RENDER java-level-1-01-setup-short-2 Wed Sep  2 19:10:12 IST 2026 ===
[1/3] Synthesizing narration (en-US-JennyNeural) for 5 beats...
      -> total narration: 59.4s across 5 beats
[2/3] Rendering vertical (Shorts) animation clips...
[3/3] Muxing audio + video and assembling final MP4...

Done. Video:    /Users/bhanuja/Desktop/vremployee/video-studio/output/renders/java-level-1-01-setup-short-2.mp4
      Metadata: /Users/bhanuja/Desktop/vremployee/video-studio/output/renders/java-level-1-01-setup-short-2.metadata.txt  (title/description/tags/source links -- for you to review before uploading)
      Runtime:  ~59s
=== RENDER java-level-1-02-variables-data-types-short-2 Wed Sep  2 19:11:32 IST 2026 ===
[1/3] Synthesizing narration (en-US-JennyNeural) for 6 beats...
      -> total narration: 46.6s across 6 beats
[2/3] Rendering vertical (Shorts) animation clips...
[3/3] Muxing audio + video and assembling final MP4...

Done. Video:    /Users/bhanuja/Desktop/vremployee/video-studio/output/renders/java-level-1-02-variables-data-types-short-2.mp4
      Metadata: /Users/bhanuja/Desktop/vremployee/video-studio/output/renders/java-level-1-02-variables-data-types-short-2.metadata.txt  (title/description/tags/source links -- for you to review before uploading)
      Runtime:  ~47s
=== RENDER java-level-1-03-control-flow-short-2 Wed Sep  2 19:12:39 IST 2026 ===
[1/3] Synthesizing narration (en-US-JennyNeural) for 5 beats...
      -> total narration: 49.8s across 5 beats
[2/3] Rendering vertical (Shorts) animation clips...
[3/3] Muxing audio + video and assembling final MP4...

Done. Video:    /Users/bhanuja/Desktop/vremployee/video-studio/output/renders/java-level-1-03-control-flow-short-2.mp4
      Metadata: /Users/bhanuja/Desktop/vremployee/video-studio/output/renders/java-level-1-03-control-flow-short-2.metadata.txt  (title/description/tags/source links -- for you to review before uploading)
      Runtime:  ~50s
=== RENDER java-level-1-04-methods-parameters-short-2 Wed Sep  2 19:13:51 IST 2026 ===
[1/3] Synthesizing narration (en-US-JennyNeural) for 6 beats...
      -> total narration: 55.1s across 6 beats
[2/3] Rendering vertical (Shorts) animation clips...
[3/3] Muxing audio + video and assembling final MP4...

Done. Video:    /Users/bhanuja/Desktop/vremployee/video-studio/output/renders/java-level-1-04-methods-parameters-short-2.mp4
      Metadata: /Users/bhanuja/Desktop/vremployee/video-studio/output/renders/java-level-1-04-methods-parameters-short-2.metadata.txt  (title/description/tags/source links -- for you to review before uploading)
      Runtime:  ~55s
=== RENDER java-level-1-05-arrays-collections-short-2 Wed Sep  2 19:15:07 IST 2026 ===
[1/3] Synthesizing narration (en-US-JennyNeural) for 5 beats...
      -> total narration: 54.0s across 5 beats
[2/3] Rendering vertical (Shorts) animation clips...
[3/3] Muxing audio + video and assembling final MP4...

Done. Video:    /Users/bhanuja/Desktop/vremployee/video-studio/output/renders/java-level-1-05-arrays-collections-short-2.mp4
      Metadata: /Users/bhanuja/Desktop/vremployee/video-studio/output/renders/java-level-1-05-arrays-collections-short-2.metadata.txt  (title/description/tags/source links -- for you to review before uploading)
      Runtime:  ~54s
=== RENDER java-contact-book-project-longform Wed Sep  2 19:16:22 IST 2026 ===
[1/3] Synthesizing narration (en-US-JennyNeural) for 31 beats...
      -> total narration: 530.3s across 31 beats
[2/3] Rendering horizontal (long-form) animation clips...
[3/3] Muxing audio + video and assembling final MP4...

Done. Video:    /Users/bhanuja/Desktop/vremployee/video-studio/output/renders/java-contact-book-project-longform.mp4
      Metadata: /Users/bhanuja/Desktop/vremployee/video-studio/output/renders/java-contact-book-project-longform.metadata.txt  (title/description/tags/source links -- for you to review before uploading)
      Runtime:  ~530s
=== ALL DONE Wed Sep  2 19:28:16 IST 2026 ===
