===== RENDER javascript-level-2-01-closures-scope-short Thu Sep  3 20:19:29 IST 2026 =====
[1/3] Synthesizing narration (en-US-JennyNeural) for 5 beats...
      -> total narration: 58.7s across 5 beats
[2/3] Rendering vertical (Shorts) animation clips...
[3/3] Muxing audio + video and assembling final MP4...

Done. Video:    /Users/bhanuja/Desktop/vremployee/video-studio/output/renders/javascript-level-2-01-closures-scope-short.mp4
      Metadata: /Users/bhanuja/Desktop/vremployee/video-studio/output/renders/javascript-level-2-01-closures-scope-short.metadata.txt  (title/description/tags/source links -- for you to review before uploading)
      Runtime:  ~59s
OK javascript-level-2-01-closures-scope-short
===== RENDER javascript-level-2-02-prototypes-classes-short Thu Sep  3 20:20:50 IST 2026 =====
[1/3] Synthesizing narration (en-US-JennyNeural) for 6 beats...
      -> total narration: 57.2s across 6 beats
[2/3] Rendering vertical (Shorts) animation clips...
[3/3] Muxing audio + video and assembling final MP4...

Done. Video:    /Users/bhanuja/Desktop/vremployee/video-studio/output/renders/javascript-level-2-02-prototypes-classes-short.mp4
      Metadata: /Users/bhanuja/Desktop/vremployee/video-studio/output/renders/javascript-level-2-02-prototypes-classes-short.metadata.txt  (title/description/tags/source links -- for you to review before uploading)
      Runtime:  ~57s
OK javascript-level-2-02-prototypes-classes-short
===== RENDER javascript-level-2-03-async-javascript-i-short Thu Sep  3 20:22:12 IST 2026 =====
[1/3] Synthesizing narration (en-US-JennyNeural) for 5 beats...
      -> total narration: 51.1s across 5 beats
[2/3] Rendering vertical (Shorts) animation clips...
[3/3] Muxing audio + video and assembling final MP4...

Done. Video:    /Users/bhanuja/Desktop/vremployee/video-studio/output/renders/javascript-level-2-03-async-javascript-i-short.mp4
      Metadata: /Users/bhanuja/Desktop/vremployee/video-studio/output/renders/javascript-level-2-03-async-javascript-i-short.metadata.txt  (title/description/tags/source links -- for you to review before uploading)
      Runtime:  ~51s
OK javascript-level-2-03-async-javascript-i-short
===== RENDER javascript-level-2-04-promises-async-await-short Thu Sep  3 20:23:22 IST 2026 =====
[1/3] Synthesizing narration (en-US-JennyNeural) for 5 beats...
      -> total narration: 48.9s across 5 beats
[2/3] Rendering vertical (Shorts) animation clips...
[3/3] Muxing audio + video and assembling final MP4...

Done. Video:    /Users/bhanuja/Desktop/vremployee/video-studio/output/renders/javascript-level-2-04-promises-async-await-short.mp4
      Metadata: /Users/bhanuja/Desktop/vremployee/video-studio/output/renders/javascript-level-2-04-promises-async-await-short.metadata.txt  (title/description/tags/source links -- for you to review before uploading)
      Runtime:  ~49s
OK javascript-level-2-04-promises-async-await-short
===== RENDER javascript-level-2-05-json-fetch-short Thu Sep  3 20:24:33 IST 2026 =====
[1/3] Synthesizing narration (en-US-JennyNeural) for 5 beats...
      -> total narration: 48.4s across 5 beats
[2/3] Rendering vertical (Shorts) animation clips...
[3/3] Muxing audio + video and assembling final MP4...

Done. Video:    /Users/bhanuja/Desktop/vremployee/video-studio/output/renders/javascript-level-2-05-json-fetch-short.mp4
      Metadata: /Users/bhanuja/Desktop/vremployee/video-studio/output/renders/javascript-level-2-05-json-fetch-short.metadata.txt  (title/description/tags/source links -- for you to review before uploading)
      Runtime:  ~48s
OK javascript-level-2-05-json-fetch-short
===== RENDER javascript-level-3-11-project-rest-api-db-longform Thu Sep  3 20:25:45 IST 2026 =====
[1/3] Synthesizing narration (en-US-JennyNeural) for 28 beats...
      -> total narration: 595.4s across 28 beats
[2/3] Rendering horizontal (long-form) animation clips...
[3/3] Muxing audio + video and assembling final MP4...

Done. Video:    /Users/bhanuja/Desktop/vremployee/video-studio/output/renders/javascript-level-3-11-project-rest-api-db-longform.mp4
      Metadata: /Users/bhanuja/Desktop/vremployee/video-studio/output/renders/javascript-level-3-11-project-rest-api-db-longform.metadata.txt  (title/description/tags/source links -- for you to review before uploading)
      Runtime:  ~595s
OK javascript-level-3-11-project-rest-api-db-longform
ALL DONE Thu Sep  3 20:38:59 IST 2026
